// Jest Snapshot v1, https://goo.gl/fbAQLP

exports[`Title Component should match snapshot 1`] = `
<h1
  className="jsx-516677764 title"
>
  Welcome to 
  <a
    className="jsx-516677764"
    href="https://nextjs.org"
  >
    Next.js!
  </a>
</h1>
`;
